Archive member included to satisfy reference by file (symbol)

C:/Program Files/SEGGER/SEGGER Embedded Studio for ARM 3.34b/lib/libc_v7em_t_le_eabi.a(libc2.o)
                              Output/test_ble Debug/Obj/SEGGER_RTT_SES.o (vsnprintf)
C:/Program Files/SEGGER/SEGGER Embedded Studio for ARM 3.34b/lib/libc_v7em_t_le_eabi.a(libc2_asm.o)
                              Output/test_ble Debug/Obj/SEGGER_RTT.o (memcpy)
C:/Program Files/SEGGER/SEGGER Embedded Studio for ARM 3.34b/lib/libc_v7em_t_le_eabi.a(libc_asm.o)
                              C:/Program Files/SEGGER/SEGGER Embedded Studio for ARM 3.34b/lib/libc_v7em_t_le_eabi.a(libc2.o) (__aeabi_uldivmod)
C:/Program Files/SEGGER/SEGGER Embedded Studio for ARM 3.34b/lib/libdebugio_v7em_t_le_eabi.a(libdebugio.o)
                              Output/test_ble Debug/Obj/thumb_crt0.o (debug_fopen)
C:/Program Files/SEGGER/SEGGER Embedded Studio for ARM 3.34b/lib/libdebugio_mempoll_v7em_t_le_eabi.a(mempoll_debug_operations.o)
                              C:/Program Files/SEGGER/SEGGER Embedded Studio for ARM 3.34b/lib/libdebugio_v7em_t_le_eabi.a(libdebugio.o) (__do_debug_operation)
C:/Program Files/SEGGER/SEGGER Embedded Studio for ARM 3.34b/lib/libdebugio_mempoll_v7em_t_le_eabi.a(do_nv_debug_operation.o)
                              C:/Program Files/SEGGER/SEGGER Embedded Studio for ARM 3.34b/lib/libdebugio_v7em_t_le_eabi.a(libdebugio.o) (__do_nvdebug_operation)
C:/Program Files/SEGGER/SEGGER Embedded Studio for ARM 3.34b/lib/libm_v7em_t_le_eabi.a(libm_asm.o)
                              C:/Program Files/SEGGER/SEGGER Embedded Studio for ARM 3.34b/lib/libc_v7em_t_le_eabi.a(libc2.o) (__aeabi_i2f)
C:/Program Files/SEGGER/SEGGER Embedded Studio for ARM 3.34b/lib/libm_v7em_t_le_eabi.a(libm2.o)
                              C:/Program Files/SEGGER/SEGGER Embedded Studio for ARM 3.34b/lib/libvfprintf_v7em_t_le_eabi.o (frexp)
C:/Program Files/SEGGER/SEGGER Embedded Studio for ARM 3.34b/lib/libm_v7em_t_le_eabi.a(libm2_asm.o)
                              C:/Program Files/SEGGER/SEGGER Embedded Studio for ARM 3.34b/lib/libm_v7em_t_le_eabi.a(libm2.o) (fabs)

Discarded input sections

 .group         0x0000000000000000        0x8 Output/test_ble Debug/Obj/system_nrf52810.o
 .group         0x0000000000000000        0x8 Output/test_ble Debug/Obj/system_nrf52810.o
 .group         0x0000000000000000        0x8 Output/test_ble Debug/Obj/system_nrf52810.o
 .group         0x0000000000000000        0x8 Output/test_ble Debug/Obj/system_nrf52810.o
 .group         0x0000000000000000        0x8 Output/test_ble Debug/Obj/system_nrf52810.o
 .group         0x0000000000000000        0x8 Output/test_ble Debug/Obj/system_nrf52810.o
 .group         0x0000000000000000        0x8 Output/test_ble Debug/Obj/system_nrf52810.o
 .group         0x0000000000000000        0x8 Output/test_ble Debug/Obj/system_nrf52810.o
 .group         0x0000000000000000        0x8 Output/test_ble Debug/Obj/system_nrf52810.o
 .group         0x0000000000000000        0x8 Output/test_ble Debug/Obj/system_nrf52810.o
 .group         0x0000000000000000        0x8 Output/test_ble Debug/Obj/system_nrf52810.o
 .group         0x0000000000000000        0x8 Output/test_ble Debug/Obj/system_nrf52810.o
 .group         0x0000000000000000        0x8 Output/test_ble Debug/Obj/system_nrf52810.o
 .text          0x0000000000000000        0x0 Output/test_ble Debug/Obj/system_nrf52810.o
 .data          0x0000000000000000        0x0 Output/test_ble Debug/Obj/system_nrf52810.o
 .bss           0x0000000000000000        0x0 Output/test_ble Debug/Obj/system_nrf52810.o
 .init          0x0000000000000000        0x0 Output/test_ble Debug/Obj/system_nrf52810.o
 .group         0x0000000000000000        0x8 Output/test_ble Debug/Obj/SEGGER_RTT.o
 .group         0x0000000000000000        0x8 Output/test_ble Debug/Obj/SEGGER_RTT.o
 .group         0x0000000000000000        0x8 Output/test_ble Debug/Obj/SEGGER_RTT.o
 .group         0x0000000000000000        0x8 Output/test_ble Debug/Obj/SEGGER_RTT.o
 .group         0x0000000000000000        0x8 Output/test_ble Debug/Obj/SEGGER_RTT.o
 .text          0x0000000000000000        0x0 Output/test_ble Debug/Obj/SEGGER_RTT.o
 .data          0x0000000000000000        0x0 Output/test_ble Debug/Obj/SEGGER_RTT.o
 .bss           0x0000000000000000        0x0 Output/test_ble Debug/Obj/SEGGER_RTT.o
 .data._aTerminalId
                0x0000000000000000       0x10 Output/test_ble Debug/Obj/SEGGER_RTT.o
 .bss._ActiveTerminal
                0x0000000000000000        0x1 Output/test_ble Debug/Obj/SEGGER_RTT.o
 .text._PostTerminalSwitch
                0x0000000000000000       0x38 Output/test_ble Debug/Obj/SEGGER_RTT.o
 .text.SEGGER_RTT_ReadNoLock
                0x0000000000000000      0x100 Output/test_ble Debug/Obj/SEGGER_RTT.o
 .text.SEGGER_RTT_Read
                0x0000000000000000       0x34 Output/test_ble Debug/Obj/SEGGER_RTT.o
 .text.SEGGER_RTT_WriteWithOverwriteNoLock
[...]
Memory Configuration

Name             Origin             Length             Attributes
UNPLACED_SECTIONS 0x0000000100000000 0x0000000000000000 xw
RAM              0x0000000020000000 0x0000000000006000 xw
FLASH            0x0000000000000000 0x0000000000030000 xr
*default*        0x0000000000000000 0xffffffffffffffff

Linker script and memory map

                0x0000000000000908                __vfprintf = __vfprintf_int_nwp
                0x0000000000000000                __vfscanf = __vfscanf_int
                0x0000000020000000                __RAM_segment_start__ = 0x20000000
                0x0000000020006000                __RAM_segment_end__ = 0x20006000
                0x0000000000006000                __RAM_segment_size__ = 0x6000
                0x0000000000000000                __FLASH_segment_start__ = 0x0
                0x0000000000030000                __FLASH_segment_end__ = 0x30000
                0x0000000000030000                __FLASH_segment_size__ = 0x30000
                0x0000000000000400                __HEAPSIZE__ = 0x400
                0x0000000000000000                __STACKSIZE_ABT__ = 0x0
                0x0000000000000000                __STACKSIZE_FIQ__ = 0x0
                0x0000000000000000                __STACKSIZE_IRQ__ = 0x0
                0x0000000000000000                __STACKSIZE_PROCESS__ = 0x0
                0x0000000000000000                __STACKSIZE_SVC__ = 0x0
                0x0000000000000000                __STACKSIZE_UND__ = 0x0
                0x0000000000000400                __STACKSIZE__ = 0x400
                0x0000000020000000                __vectors_ram_load_start__ = ALIGN (__RAM_segment_start__, 0x100)

.vectors_ram    0x0000000020000000        0x0
                0x0000000020000000                __vectors_ram_start__ = .
 *(.vectors_ram .vectors_ram.*)
                0x0000000020000000                __vectors_ram_end__ = (__vectors_ram_start__ + SIZEOF (.vectors_ram))
                0x0000000000000000                __vectors_ram_size__ = SIZEOF (.vectors_ram)
                0x0000000020000000                __vectors_ram_load_end__ = __vectors_ram_end__
                0x0000000000000001                . = ASSERT (((__vectors_ram_start__ == __vectors_ram_end__) || ((__vectors_ram_end__ >= __RAM_segment_start__) && (__vectors_ram_end__ <= __RAM_segment_end__))), error: .vectors_ram is too large to fit in RAM memory segment)
                0x0000000000000000                __vectors_load_start__ = ALIGN (__FLASH_segment_start__, 0x100)

.vectors        0x0000000000000000       0xb8
                0x0000000000000000                __vectors_start__ = .
 *(.vectors .vectors.*)
 .vectors       0x0000000000000000       0xb8 Output/test_ble Debug/Obj/ses_nrf52810_Vectors.o
                0x0000000000000000                _vectors
                0x00000000000000b8                __vectors_end__ = (__vectors_start__ + SIZEOF (.vectors))
                0x00000000000000b8                __vectors_size__ = SIZEOF (.vectors)
                0x00000000000000b8                __vectors_load_end__ = __vectors_end__
                0x0000000000000001                . = ASSERT (((__vectors_start__ == __vectors_end__) || ((__vectors_end__ >= __FLASH_segment_start__) && (__vectors_end__ <= __FLASH_segment_end__))), error: .vectors is too large to fit in FLASH memory segment)
                0x00000000000000b8                __init_load_start__ = ALIGN (__vectors_end__, 0x4)

.init           0x00000000000000b8      0x420
                0x00000000000000b8                __init_start__ = .
 *(.init .init.*)
 .init.SystemCoreClockUpdate
                0x00000000000000b8       0x14 Output/test_ble Debug/Obj/system_nrf52810.o
                0x00000000000000b8                SystemCoreClockUpdate
 .init.SystemInit
                0x00000000000000cc      0x18c Output/test_ble Debug/Obj/system_nrf52810.o
                0x00000000000000cc                SystemInit
 .init.errata_31
                0x0000000000000258       0x24 Output/test_ble Debug/Obj/system_nrf52810.o
 .init.errata_36
                0x000000000000027c       0x24 Output/test_ble Debug/Obj/system_nrf52810.o
 .init.errata_66
                0x00000000000002a0       0x24 Output/test_ble Debug/Obj/system_nrf52810.o
 .init.errata_103
                0x00000000000002c4       0x24 Output/test_ble Debug/Obj/system_nrf52810.o
 .init.errata_136
                0x00000000000002e8       0x24 Output/test_ble Debug/Obj/system_nrf52810.o
 .init          0x000000000000030c      0x158 Output/test_ble Debug/Obj/thumb_crt0.o
                0x000000000000030c                _start
                0x00000000000003be                exit
 .init          0x0000000000000464       0x28 Output/test_ble Debug/Obj/ses_nRF_Startup.o
                0x0000000000000464                Reset_Handler
 .init          0x000000000000048c       0x4c Output/test_ble Debug/Obj/ses_nrf52810_Vectors.o
                0x000000000000048c                NMI_Handler
                0x000000000000048e                HardFault_Handler
                0x0000000000000490                MemoryManagement_Handler
                0x0000000000000492                BusFault_Handler
                0x0000000000000494                UsageFault_Handler
                0x0000000000000496                SVC_Handler
                0x0000000000000498                DebugMon_Handler
                0x000000000000049a                PendSV_Handler
                0x000000000000049c                SysTick_Handler
                0x00000000000004a0                POWER_CLOCK_IRQHandler
                0x00000000000004a2                RADIO_IRQHandler
                0x00000000000004a4                UARTE0_IRQHandler
                0x00000000000004a6                TWIM0_TWIS0_IRQHandler
                0x00000000000004a8                SPIM0_SPIS0_IRQHandler
                0x00000000000004aa                GPIOTE_IRQHandler
                0x00000000000004ac                SAADC_IRQHandler
                0x00000000000004ae                TIMER0_IRQHandler
                0x00000000000004b0                TIMER1_IRQHandler
                0x00000000000004b2                TIMER2_IRQHandler
                0x00000000000004b4                RTC0_IRQHandler
                0x00000000000004b6                TEMP_IRQHandler
                0x00000000000004b8                RNG_IRQHandler
                0x00000000000004ba                ECB_IRQHandler
                0x00000000000004bc                CCM_AAR_IRQHandler
                0x00000000000004be                WDT_IRQHandler
                0x00000000000004c0                RTC1_IRQHandler
                0x00000000000004c2                QDEC_IRQHandler
                0x00000000000004c4                COMP_IRQHandler
                0x00000000000004c6                SWI0_EGU0_IRQHandler
                0x00000000000004c8                SWI1_EGU1_IRQHandler
                0x00000000000004ca                SWI2_IRQHandler
                0x00000000000004cc                SWI3_IRQHandler
                0x00000000000004ce                SWI4_IRQHandler
                0x00000000000004d0                SWI5_IRQHandler
                0x00000000000004d2                PWM0_IRQHandler
                0x00000000000004d4                PDM_IRQHandler
                0x00000000000004d8                __init_end__ = (__init_start__ + SIZEOF (.init))
                0x0000000000000420                __init_size__ = SIZEOF (.init)
                0x00000000000004d8                __init_load_end__ = __init_end__
                0x0000000000000001                . = ASSERT (((__init_start__ == __init_end__) || ((__init_end__ >= __FLASH_segment_start__) && (__init_end__ <= __FLASH_segment_end__))), error: .init is too large to fit in FLASH memory segment)
                0x00000000000004d8                __init_rodata_load_start__ = ALIGN (__init_end__, 0x4)

.init_rodata    0x00000000000004d8        0x0
                0x00000000000004d8                __init_rodata_start__ = .
 *(.init_rodata .init_rodata.*)
                0x00000000000004d8                __init_rodata_end__ = (__init_rodata_start__ + SIZEOF (.init_rodata))
                0x0000000000000000                __init_rodata_size__ = SIZEOF (.init_rodata)
                0x00000000000004d8                __init_rodata_load_end__ = __init_rodata_end__
                0x0000000000000001                . = ASSERT (((__init_rodata_start__ == __init_rodata_end__) || ((__init_rodata_end__ >= __FLASH_segment_start__) && (__init_rodata_end__ <= __FLASH_segment_end__))), error: .init_rodata is too large to fit in FLASH memory segment)
                0x00000000000004d8                __text_load_start__ = ALIGN (__init_rodata_end__, 0x4)

.text           0x00000000000004d8      0x92c
                0x00000000000004d8                __text_start__ = .
 *(.text .text.* .glue_7t .glue_7 .gnu.linkonce.t.* .gcc_except_table .ARM.extab* .gnu.linkonce.armextab.*)
 .glue_7        0x00000000000004d8        0x0 linker stubs
 .glue_7t       0x00000000000004d8        0x0 linker stubs
 .text._DoInit  0x00000000000004d8       0x9c Output/test_ble Debug/Obj/SEGGER_RTT.o
 .text._WriteBlocking
                0x0000000000000574       0xb2 Output/test_ble Debug/Obj/SEGGER_RTT.o
 .text._WriteNoCheck
                0x0000000000000626       0x7e Output/test_ble Debug/Obj/SEGGER_RTT.o
 .text._GetAvailWriteSpace
                0x00000000000006a4       0x3c Output/test_ble Debug/Obj/SEGGER_RTT.o
 .text.SEGGER_RTT_WriteNoLock
                0x00000000000006e0       0x9c Output/test_ble Debug/Obj/SEGGER_RTT.o
                0x00000000000006e0                SEGGER_RTT_WriteNoLock
 .text.SEGGER_RTT_Write
                0x000000000000077c       0x44 Output/test_ble Debug/Obj/SEGGER_RTT.o
                0x000000000000077c                SEGGER_RTT_Write
 .text.printf   0x00000000000007c0       0x32 Output/test_ble Debug/Obj/SEGGER_RTT_SES.o
                0x00000000000007c0                printf
 *fill*         0x00000000000007f2        0x2 
 .text.main     0x00000000000007f4       0x2c Output/test_ble Debug/Obj/main.o
                0x00000000000007f4                main
 .text.libc.__putc
                0x0000000000000820       0x34 C:/Program Files/SEGGER/SEGGER Embedded Studio for ARM 3.34b/lib/libc_v7em_t_le_eabi.a(libc2.o)
                0x0000000000000820                __putc
 .text.libc.vsnprintf
                0x0000000000000854       0x1c C:/Program Files/SEGGER/SEGGER Embedded Studio for ARM 3.34b/lib/libc_v7em_t_le_eabi.a(libc2.o)
                0x0000000000000854                vsnprintf
 .text.libc.memcpy
                0x0000000000000870       0x54 C:/Program Files/SEGGER/SEGGER Embedded Studio for ARM 3.34b/lib/libc_v7em_t_le_eabi.a(libc2_asm.o)
                0x0000000000000870                __aeabi_memcpy
                0x0000000000000870                memcpy
                0x000000000000087c                __aeabi_memcpy8
                0x000000000000087c                __aeabi_memcpy4
 .text.libc.strcpy
                0x00000000000008c4       0x44 C:/Program Files/SEGGER/SEGGER Embedded Studio for ARM 3.34b/lib/libc_v7em_t_le_eabi.a(libc2_asm.o)
                0x00000000000008c4                strcpy
 .text.libc.__vfprintf_int_nwp
                0x0000000000000908      0x4fc C:/Program Files/SEGGER/SEGGER Embedded Studio for ARM 3.34b/lib/libvfprintf_v7em_t_le_eabi.o
                0x0000000000000908                __vfprintf_int_nwp
                0x0000000000000e04                __text_end__ = (__text_start__ + SIZEOF (.text))
                0x000000000000092c                __text_size__ = SIZEOF (.text)
                0x0000000000000e04                __text_load_end__ = __text_end__

.vfp11_veneer   0x0000000100000000        0x0
 .vfp11_veneer  0x0000000100000000        0x0 linker stubs

.v4_bx          0x0000000100000000        0x0
 .v4_bx         0x0000000100000000        0x0 linker stubs

.iplt           0x0000000100000000        0x0
 .iplt          0x0000000100000000        0x0 Output/test_ble Debug/Obj/system_nrf52810.o
                0x0000000000000001                . = ASSERT (((__text_start__ == __text_end__) || ((__text_end__ >= __FLASH_segment_start__) && (__text_end__ <= __FLASH_segment_end__))), error: .text is too large to fit in FLASH memory segment)
                0x0000000000000e04                __dtors_load_start__ = ALIGN (__text_end__, 0x4)

.dtors          0x0000000000000e04        0x0
                0x0000000000000e04                __dtors_start__ = .
 *(SORT(.dtors.*))
 *(.dtors)
 *(.fini_array)
 *(SORT(.fini_array.*))
                0x0000000000000e04                __dtors_end__ = (__dtors_start__ + SIZEOF (.dtors))
                0x0000000000000000                __dtors_size__ = SIZEOF (.dtors)
                0x0000000000000e04                __dtors_load_end__ = __dtors_end__
                0x0000000000000001                . = ASSERT (((__dtors_start__ == __dtors_end__) || ((__dtors_end__ >= __FLASH_segment_start__) && (__dtors_end__ <= __FLASH_segment_end__))), error: .dtors is too large to fit in FLASH memory segment)
                0x0000000000000e04                __ctors_load_start__ = ALIGN (__dtors_end__, 0x4)

.ctors          0x0000000000000e04        0x0
                0x0000000000000e04                __ctors_start__ = .
 *(SORT(.ctors.*))
 *(.ctors)
 *(.init_array)
 *(SORT(.init_array.*))
                0x0000000000000e04                __ctors_end__ = (__ctors_start__ + SIZEOF (.ctors))
                0x0000000000000000                __ctors_size__ = SIZEOF (.ctors)
                0x0000000000000e04                __ctors_load_end__ = __ctors_end__
                0x0000000000000001                . = ASSERT (((__ctors_start__ == __ctors_end__) || ((__ctors_end__ >= __FLASH_segment_start__) && (__ctors_end__ <= __FLASH_segment_end__))), error: .ctors is too large to fit in FLASH memory segment)
                0x0000000000000e04                __rodata_load_start__ = ALIGN (__ctors_end__, 0x4)

.rodata         0x0000000000000e04       0x4c
                0x0000000000000e04                __rodata_start__ = .
 *(.rodata .rodata.* .gnu.linkonce.r.*)
 .rodata        0x0000000000000e04       0x17 Output/test_ble Debug/Obj/SEGGER_RTT.o
 *fill*         0x0000000000000e1b        0x1 
 .rodata        0x0000000000000e1c       0x11 Output/test_ble Debug/Obj/main.o
 *fill*         0x0000000000000e2d        0x3 
 .rodata.libc.__RAL_hex_lc
                0x0000000000000e30       0x10 C:/Program Files/SEGGER/SEGGER Embedded Studio for ARM 3.34b/lib/libc_v7em_t_le_eabi.a(libc2.o)
                0x0000000000000e30                __RAL_hex_lc
 .rodata.libc.__RAL_hex_uc
                0x0000000000000e40       0x10 C:/Program Files/SEGGER/SEGGER Embedded Studio for ARM 3.34b/lib/libc_v7em_t_le_eabi.a(libc2.o)
                0x0000000000000e40                __RAL_hex_uc
                0x0000000000000e50                __rodata_end__ = (__rodata_start__ + SIZEOF (.rodata))
                0x000000000000004c                __rodata_size__ = SIZEOF (.rodata)
                0x0000000000000e50                __rodata_load_end__ = __rodata_end__

.rel.dyn        0x0000000000000000        0x0
 .rel.iplt      0x0000000000000000        0x0 Output/test_ble Debug/Obj/system_nrf52810.o
                0x0000000000000001                . = ASSERT (((__rodata_start__ == __rodata_end__) || ((__rodata_end__ >= __FLASH_segment_start__) && (__rodata_end__ <= __FLASH_segment_end__))), error: .rodata is too large to fit in FLASH memory segment)
                0x0000000000000e50                __ARM.exidx_load_start__ = ALIGN (__rodata_end__, 0x4)

.ARM.exidx      0x0000000000000e50        0x0
                0x0000000000000e50                __ARM.exidx_start__ = .
                0x0000000000000e50                __exidx_start = __ARM.exidx_start__
 *(.ARM.exidx .ARM.exidx.*)
                0x0000000000000e50                __ARM.exidx_end__ = (__ARM.exidx_start__ + SIZEOF (.ARM.exidx))
                0x0000000000000000                __ARM.exidx_size__ = SIZEOF (.ARM.exidx)
                0x0000000000000e50                __exidx_end = __ARM.exidx_end__
                0x0000000000000e50                __ARM.exidx_load_end__ = __ARM.exidx_end__
                0x0000000000000001                . = ASSERT (((__ARM.exidx_start__ == __ARM.exidx_end__) || ((__ARM.exidx_end__ >= __FLASH_segment_start__) && (__ARM.exidx_end__ <= __FLASH_segment_end__))), error: .ARM.exidx is too large to fit in FLASH memory segment)
                0x0000000000000e50                __fast_load_start__ = ALIGN (__ARM.exidx_end__, 0x4)

.fast           0x0000000020000000        0x0 load address 0x0000000000000e50
                0x0000000020000000                __fast_start__ = .
 *(.fast .fast.*)
                0x0000000020000000                __fast_end__ = (__fast_start__ + SIZEOF (.fast))
                0x0000000000000000                __fast_size__ = SIZEOF (.fast)
                0x0000000000000e50                __fast_load_end__ = (__fast_load_start__ + SIZEOF (.fast))
                0x0000000000000001                . = ASSERT (((__fast_load_start__ == __fast_load_end__) || ((__fast_load_end__ >= __FLASH_segment_start__) && (__fast_load_end__ <= __FLASH_segment_end__))), error: .fast is too large to fit in FLASH memory segment)

.fast_run       0x0000000020000000        0x0
                0x0000000020000000                __fast_run_start__ = .
                0x0000000020000000                . = MAX ((__fast_run_start__ + SIZEOF (.fast)), .)
                0x0000000020000000                __fast_run_end__ = (__fast_run_start__ + SIZEOF (.fast_run))
                0x0000000000000000                __fast_run_size__ = SIZEOF (.fast_run)
                0x0000000020000000                __fast_run_load_end__ = __fast_run_end__
                0x0000000000000001                . = ASSERT (((__fast_run_start__ == __fast_run_end__) || ((__fast_run_end__ >= __RAM_segment_start__) && (__fast_run_end__ <= __RAM_segment_end__))), error: .fast_run is too large to fit in RAM memory segment)
                0x0000000000000e50                __data_load_start__ = ALIGN ((__fast_load_start__ + SIZEOF (.fast)), 0x4)

.data           0x0000000020000000        0x4 load address 0x0000000000000e50
                0x0000000020000000                __data_start__ = .
 *(.data .data.* .gnu.linkonce.d.*)
 .data.SystemCoreClock
                0x0000000020000000        0x4 Output/test_ble Debug/Obj/system_nrf52810.o
                0x0000000020000000                SystemCoreClock
                0x0000000020000004                __data_end__ = (__data_start__ + SIZEOF (.data))
                0x0000000000000004                __data_size__ = SIZEOF (.data)
                0x0000000000000e54                __data_load_end__ = (__data_load_start__ + SIZEOF (.data))

.igot.plt       0x0000000100000000        0x0
 .igot.plt      0x0000000100000000        0x0 Output/test_ble Debug/Obj/system_nrf52810.o
                0x0000000000000001                . = ASSERT (((__data_load_start__ == __data_load_end__) || ((__data_load_end__ >= __FLASH_segment_start__) && (__data_load_end__ <= __FLASH_segment_end__))), error: .data is too large to fit in FLASH memory segment)

.data_run       0x0000000020000000        0x4 load address 0x0000000000000e50
                0x0000000020000000                __data_run_start__ = .
                0x0000000020000004                . = MAX ((__data_run_start__ + SIZEOF (.data)), .)
 *fill*         0x0000000020000000        0x4 
                0x0000000020000004                __data_run_end__ = (__data_run_start__ + SIZEOF (.data_run))
                0x0000000000000004                __data_run_size__ = SIZEOF (.data_run)
                0x0000000020000004                __data_run_load_end__ = __data_run_end__
                0x0000000000000001                . = ASSERT (((__data_run_start__ == __data_run_end__) || ((__data_run_end__ >= __RAM_segment_start__) && (__data_run_end__ <= __RAM_segment_end__))), error: .data_run is too large to fit in RAM memory segment)
                0x0000000000000e54                __tdata_load_start__ = ALIGN ((__data_load_start__ + SIZEOF (.data)), 0x4)

.tdata          0x0000000020000004        0x0 load address 0x0000000000000e54
                0x0000000020000004                __tdata_start__ = .
 *(.tdata .tdata.*)
                0x0000000020000004                __tdata_end__ = (__tdata_start__ + SIZEOF (.tdata))
                0x0000000000000000                __tdata_size__ = SIZEOF (.tdata)
                0x0000000000000e54                __tdata_load_end__ = (__tdata_load_start__ + SIZEOF (.tdata))
                0x0000000000000e54                __FLASH_segment_used_end__ = (ALIGN ((__data_load_start__ + SIZEOF (.data)), 0x4) + SIZEOF (.tdata))
                0x0000000000000e54                __FLASH_segment_used_size__ = (__FLASH_segment_used_end__ - __FLASH_segment_start__)
                0x0000000000000001                . = ASSERT (((__tdata_load_start__ == __tdata_load_end__) || ((__tdata_load_end__ >= __FLASH_segment_start__) && (__tdata_load_end__ <= __FLASH_segment_end__))), error: .tdata is too large to fit in FLASH memory segment)

.tdata_run      0x0000000020000004        0x0
                0x0000000020000004                __tdata_run_start__ = .
                0x0000000020000004                . = MAX ((__tdata_run_start__ + SIZEOF (.tdata)), .)
                0x0000000020000004                __tdata_run_end__ = (__tdata_run_start__ + SIZEOF (.tdata_run))
                0x0000000000000000                __tdata_run_size__ = SIZEOF (.tdata_run)
                0x0000000020000004                __tdata_run_load_end__ = __tdata_run_end__
                0x0000000000000001                . = ASSERT (((__tdata_run_start__ == __tdata_run_end__) || ((__tdata_run_end__ >= __RAM_segment_start__) && (__tdata_run_end__ <= __RAM_segment_end__))), error: .tdata_run is too large to fit in RAM memory segment)
                0x0000000020000004                __bss_load_start__ = ALIGN (__tdata_run_end__, 0x4)

.bss            0x0000000020000004      0x48c
                0x0000000020000004                __bss_start__ = .
 *(.bss .bss.* .gnu.linkonce.b.*)
 .bss._SEGGER_RTT
                0x0000000020000004       0x78 Output/test_ble Debug/Obj/SEGGER_RTT.o
                0x0000000020000004                _SEGGER_RTT
 .bss._acUpBuffer
                0x000000002000007c      0x400 Output/test_ble Debug/Obj/SEGGER_RTT.o
 .bss._acDownBuffer
                0x000000002000047c       0x10 Output/test_ble Debug/Obj/SEGGER_RTT.o
 .bss.libc.__user_format_extender
                0x000000002000048c        0x4 C:/Program Files/SEGGER/SEGGER Embedded Studio for ARM 3.34b/lib/libc_v7em_t_le_eabi.a(libc2.o)
                0x000000002000048c                __user_format_extender
 *(COMMON)
                0x0000000020000490                __bss_end__ = (__bss_start__ + SIZEOF (.bss))
                0x000000000000048c                __bss_size__ = SIZEOF (.bss)
                0x0000000020000490                __bss_load_end__ = __bss_end__
                0x0000000000000001                . = ASSERT (((__bss_start__ == __bss_end__) || ((__bss_end__ >= __RAM_segment_start__) && (__bss_end__ <= __RAM_segment_end__))), error: .bss is too large to fit in RAM memory segment)
                0x0000000020000490                __tbss_load_start__ = ALIGN (__bss_end__, 0x4)

.tbss           0x0000000020000490        0x0
                0x0000000020000490                __tbss_start__ = .
 *(.tbss .tbss.*)
                0x0000000020000490                __tbss_end__ = (__tbss_start__ + SIZEOF (.tbss))
                0x0000000000000000                __tbss_size__ = SIZEOF (.tbss)
                0x0000000020000490                __tbss_load_end__ = __tbss_end__
                0x0000000000000001                . = ASSERT (((__tbss_start__ == __tbss_end__) || ((__tbss_end__ >= __RAM_segment_start__) && (__tbss_end__ <= __RAM_segment_end__))), error: .tbss is too large to fit in RAM memory segment)
                0x0000000020000490                __non_init_load_start__ = ALIGN (__tbss_end__, 0x4)

.non_init       0x0000000020000490        0x0
                0x0000000020000490                __non_init_start__ = .
 *(.non_init .non_init.*)
                0x0000000020000490                __non_init_end__ = (__non_init_start__ + SIZEOF (.non_init))
                0x0000000000000000                __non_init_size__ = SIZEOF (.non_init)
                0x0000000020000490                __non_init_load_end__ = __non_init_end__
                0x0000000000000001                . = ASSERT (((__non_init_start__ == __non_init_end__) || ((__non_init_end__ >= __RAM_segment_start__) && (__non_init_end__ <= __RAM_segment_end__))), error: .non_init is too large to fit in RAM memory segment)
                0x0000000020000490                __heap_load_start__ = ALIGN (__non_init_end__, 0x4)

.heap           0x0000000020000490      0x400
                0x0000000020000490                __heap_start__ = .
 *(.heap .heap.*)
                0x0000000020000890                . = ALIGN (MAX ((__heap_start__ + __HEAPSIZE__), .), 0x4)
 *fill*         0x0000000020000490      0x400 
                0x0000000020000890                __heap_end__ = (__heap_start__ + SIZEOF (.heap))
                0x0000000000000400                __heap_size__ = SIZEOF (.heap)
                0x0000000020000890                __heap_load_end__ = __heap_end__
                0x0000000000000001                . = ASSERT (((__heap_start__ == __heap_end__) || ((__heap_end__ >= __RAM_segment_start__) && (__heap_end__ <= __RAM_segment_end__))), error: .heap is too large to fit in RAM memory segment)
                0x0000000020005c00                __stack_load_start__ = (__RAM_segment_end__ - 0x400)

.stack          0x0000000020005c00      0x400
                0x0000000020005c00                __stack_start__ = .
 *(.stack .stack.*)
                0x0000000020006000                . = ALIGN (MAX ((__stack_start__ + __STACKSIZE__), .), 0x8)
 *fill*         0x0000000020005c00      0x400 
                0x0000000020006000                __stack_end__ = (__stack_start__ + SIZEOF (.stack))
                0x0000000000000400                __stack_size__ = SIZEOF (.stack)
                0x0000000020006000                __stack_load_end__ = __stack_end__
                0x0000000000000001                . = ASSERT (((__stack_start__ == __stack_end__) || ((__stack_end__ >= __RAM_segment_start__) && (__stack_end__ <= __RAM_segment_end__))), error: .stack is too large to fit in RAM memory segment)
                0x0000000000000001                . = ASSERT ((__heap_end__ <= __stack_start__), error: section .heap overlaps absolute placed section .stack)
                0x0000000020006000                __stack_process_load_start__ = ALIGN (__stack_end__, 0x8)

.stack_process  0x0000000020006000        0x0
                0x0000000020006000                __stack_process_start__ = .
 *(.stack_process .stack_process.*)
                0x0000000020006000                . = ALIGN (MAX ((__stack_process_start__ + __STACKSIZE_PROCESS__), .), 0x8)
                0x0000000020006000                __stack_process_end__ = (__stack_process_start__ + SIZEOF (.stack_process))
                0x0000000000000000                __stack_process_size__ = SIZEOF (.stack_process)
                0x0000000020006000                __stack_process_load_end__ = __stack_process_end__
                0x0000000020006000                __RAM_segment_used_end__ = (ALIGN (__stack_end__, 0x8) + SIZEOF (.stack_process))
                0x0000000000006000                __RAM_segment_used_size__ = (__RAM_segment_used_end__ - __RAM_segment_start__)
                0x0000000000000001                . = ASSERT (((__stack_process_start__ == __stack_process_end__) || ((__stack_process_end__ >= __RAM_segment_start__) && (__stack_process_end__ <= __RAM_segment_end__))), error: .stack_process is too large to fit in RAM memory segment)
START GROUP
LOAD Output/test_ble Debug/Obj/system_nrf52810.o
LOAD Output/test_ble Debug/Obj/SEGGER_RTT.o
LOAD Output/test_ble Debug/Obj/SEGGER_RTT_SES.o
LOAD Output/test_ble Debug/Obj/main.o
LOAD Output/test_ble Debug/Obj/thumb_crt0.o
LOAD Output/test_ble Debug/Obj/ses_nRF_Startup.o
LOAD Output/test_ble Debug/Obj/ses_nrf52810_Vectors.o
LOAD C:/Program Files/SEGGER/SEGGER Embedded Studio for ARM 3.34b/lib/libdebugio_mempoll_v7em_t_le_eabi.a
LOAD C:/Program Files/SEGGER/SEGGER Embedded Studio for ARM 3.34b/lib/libm_v7em_t_le_eabi.a
LOAD C:/Program Files/SEGGER/SEGGER Embedded Studio for ARM 3.34b/lib/libc_v7em_t_le_eabi.a
LOAD C:/Program Files/SEGGER/SEGGER Embedded Studio for ARM 3.34b/lib/libcpp_v7em_t_le_eabi.a
LOAD C:/Program Files/SEGGER/SEGGER Embedded Studio for ARM 3.34b/lib/libdebugio_v7em_t_le_eabi.a
LOAD C:/Program Files/SEGGER/SEGGER Embedded Studio for ARM 3.34b/lib/libvfprintf_v7em_t_le_eabi.o
LOAD C:/Program Files/SEGGER/SEGGER Embedded Studio for ARM 3.34b/lib/libvfscanf_v7em_t_le_eabi.o
END GROUP
OUTPUT(Output/Debug/Exe/test_ble.elf elf32-littlearm)

.debug_frame    0x0000000000000000      0x560
 .debug_frame   0x0000000000000000       0x8c Output/test_ble Debug/Obj/system_nrf52810.o
 .debug_frame   0x000000000000008c      0x3dc Output/test_ble Debug/Obj/SEGGER_RTT.o
 .debug_frame   0x0000000000000468       0xc8 Output/test_ble Debug/Obj/SEGGER_RTT_SES.o
 .debug_frame   0x0000000000000530       0x30 Output/test_ble Debug/Obj/main.o

.debug_info     0x0000000000000000     0x2ca7
 .debug_info    0x0000000000000000      0xc0f Output/test_ble Debug/Obj/system_nrf52810.o
 .debug_info    0x0000000000000c0f     0x114f Output/test_ble Debug/Obj/SEGGER_RTT.o
 .debug_info    0x0000000000001d5e      0x7f3 Output/test_ble Debug/Obj/SEGGER_RTT_SES.o
 .debug_info    0x0000000000002551      0x5bc Output/test_ble Debug/Obj/main.o
 .debug_info    0x0000000000002b0d       0x81 Output/test_ble Debug/Obj/thumb_crt0.o
 .debug_info    0x0000000000002b8e       0x8a Output/test_ble Debug/Obj/ses_nRF_Startup.o
 .debug_info    0x0000000000002c18       0x8f Output/test_ble Debug/Obj/ses_nrf52810_Vectors.o

.debug_abbrev   0x0000000000000000      0x6cf
 .debug_abbrev  0x0000000000000000      0x16b Output/test_ble Debug/Obj/system_nrf52810.o
 .debug_abbrev  0x000000000000016b      0x260 Output/test_ble Debug/Obj/SEGGER_RTT.o
 .debug_abbrev  0x00000000000003cb      0x1ac Output/test_ble Debug/Obj/SEGGER_RTT_SES.o
 .debug_abbrev  0x0000000000000577      0x11e Output/test_ble Debug/Obj/main.o
 .debug_abbrev  0x0000000000000695       0x12 Output/test_ble Debug/Obj/thumb_crt0.o
 .debug_abbrev  0x00000000000006a7       0x14 Output/test_ble Debug/Obj/ses_nRF_Startup.o
 .debug_abbrev  0x00000000000006bb       0x14 Output/test_ble Debug/Obj/ses_nrf52810_Vectors.o

.debug_pubnames
                0x0000000000000000      0x422
 .debug_pubnames
                0x0000000000000000       0x97 Output/test_ble Debug/Obj/system_nrf52810.o
 .debug_pubnames
                0x0000000000000097      0x32e Output/test_ble Debug/Obj/SEGGER_RTT.o
 .debug_pubnames
                0x00000000000003c5       0x42 Output/test_ble Debug/Obj/SEGGER_RTT_SES.o
 .debug_pubnames
                0x0000000000000407       0x1b Output/test_ble Debug/Obj/main.o

.debug_pubtypes
                0x0000000000000000      0x5d7
 .debug_pubtypes
                0x0000000000000000      0x163 Output/test_ble Debug/Obj/system_nrf52810.o
 .debug_pubtypes
                0x0000000000000163      0x173 Output/test_ble Debug/Obj/SEGGER_RTT.o
 .debug_pubtypes
                0x00000000000002d6      0x1b9 Output/test_ble Debug/Obj/SEGGER_RTT_SES.o
 .debug_pubtypes
                0x000000000000048f      0x148 Output/test_ble Debug/Obj/main.o

.debug_aranges  0x0000000000000000      0x2a8
 .debug_aranges
                0x0000000000000000       0x50 Output/test_ble Debug/Obj/system_nrf52810.o
 .debug_aranges
                0x0000000000000050       0xe0 Output/test_ble Debug/Obj/SEGGER_RTT.o
 .debug_aranges
                0x0000000000000130       0x38 Output/test_ble Debug/Obj/SEGGER_RTT_SES.o
 .debug_aranges
                0x0000000000000168       0x20 Output/test_ble Debug/Obj/main.o
 .debug_aranges
                0x0000000000000188       0xe0 Output/test_ble Debug/Obj/thumb_crt0.o
 .debug_aranges
                0x0000000000000268       0x20 Output/test_ble Debug/Obj/ses_nRF_Startup.o
 .debug_aranges
                0x0000000000000288       0x20 Output/test_ble Debug/Obj/ses_nrf52810_Vectors.o

.debug_ranges   0x0000000000000000      0x220
 .debug_ranges  0x0000000000000000       0x40 Output/test_ble Debug/Obj/system_nrf52810.o
 .debug_ranges  0x0000000000000040       0xd0 Output/test_ble Debug/Obj/SEGGER_RTT.o
 .debug_ranges  0x0000000000000110       0x28 Output/test_ble Debug/Obj/SEGGER_RTT_SES.o
 .debug_ranges  0x0000000000000138       0x10 Output/test_ble Debug/Obj/main.o
 .debug_ranges  0x0000000000000148       0xd8 Output/test_ble Debug/Obj/thumb_crt0.o

.debug_macro    0x0000000000000000     0xc335
 .debug_macro   0x0000000000000000       0xab Output/test_ble Debug/Obj/system_nrf52810.o
 .debug_macro   0x00000000000000ab      0x8ce Output/test_ble Debug/Obj/system_nrf52810.o
 .debug_macro   0x0000000000000979      0x189 Output/test_ble Debug/Obj/system_nrf52810.o
 .debug_macro   0x0000000000000b02       0x22 Output/test_ble Debug/Obj/system_nrf52810.o
 .debug_macro   0x0000000000000b24       0x22 Output/test_ble Debug/Obj/system_nrf52810.o
 .debug_macro   0x0000000000000b46       0x28 Output/test_ble Debug/Obj/system_nrf52810.o
 .debug_macro   0x0000000000000b6e       0x3b Output/test_ble Debug/Obj/system_nrf52810.o
 .debug_macro   0x0000000000000ba9       0x50 Output/test_ble Debug/Obj/system_nrf52810.o
 .debug_macro   0x0000000000000bf9      0xcec Output/test_ble Debug/Obj/system_nrf52810.o
 .debug_macro   0x00000000000018e5      0x226 Output/test_ble Debug/Obj/system_nrf52810.o
 .debug_macro   0x0000000000001b0b     0x99cd Output/test_ble Debug/Obj/system_nrf52810.o
 .debug_macro   0x000000000000b4d8      0x96e Output/test_ble Debug/Obj/system_nrf52810.o
 .debug_macro   0x000000000000be46       0xca Output/test_ble Debug/Obj/system_nrf52810.o
 .debug_macro   0x000000000000bf10       0x22 Output/test_ble Debug/Obj/system_nrf52810.o
 .debug_macro   0x000000000000bf32       0x62 Output/test_ble Debug/Obj/SEGGER_RTT.o
 .debug_macro   0x000000000000bf94       0x41 Output/test_ble Debug/Obj/SEGGER_RTT.o
 .debug_macro   0x000000000000bfd5      0x115 Output/test_ble Debug/Obj/SEGGER_RTT.o
 .debug_macro   0x000000000000c0ea       0x89 Output/test_ble Debug/Obj/SEGGER_RTT.o
 .debug_macro   0x000000000000c173       0x10 Output/test_ble Debug/Obj/SEGGER_RTT.o
 .debug_macro   0x000000000000c183       0x4e Output/test_ble Debug/Obj/SEGGER_RTT_SES.o
 .debug_macro   0x000000000000c1d1       0x22 Output/test_ble Debug/Obj/SEGGER_RTT_SES.o
 .debug_macro   0x000000000000c1f3       0x77 Output/test_ble Debug/Obj/SEGGER_RTT_SES.o
 .debug_macro   0x000000000000c26a       0x32 Output/test_ble Debug/Obj/main.o
 .debug_macro   0x000000000000c29c       0x71 Output/test_ble Debug/Obj/main.o
 .debug_macro   0x000000000000c30d       0x28 Output/test_ble Debug/Obj/main.o

.debug_line     0x0000000000000000      0xcf1
 .debug_line    0x0000000000000000      0x2ed Output/test_ble Debug/Obj/system_nrf52810.o
 .debug_line    0x00000000000002ed      0x427 Output/test_ble Debug/Obj/SEGGER_RTT.o
 .debug_line    0x0000000000000714      0x150 Output/test_ble Debug/Obj/SEGGER_RTT_SES.o
 .debug_line    0x0000000000000864       0xe3 Output/test_ble Debug/Obj/main.o
 .debug_line    0x0000000000000947      0x296 Output/test_ble Debug/Obj/thumb_crt0.o
 .debug_line    0x0000000000000bdd       0x7f Output/test_ble Debug/Obj/ses_nRF_Startup.o
 .debug_line    0x0000000000000c5c       0x95 Output/test_ble Debug/Obj/ses_nrf52810_Vectors.o

.debug_str      0x0000000000000000    0x44772
 .debug_str     0x0000000000000000    0x4310f Output/test_ble Debug/Obj/system_nrf52810.o
                                      0x4319f (size before relaxing)
 .debug_str     0x000000000004310f     0x13a5 Output/test_ble Debug/Obj/SEGGER_RTT.o
                                       0x384f (size before relaxing)
 .debug_str     0x00000000000444b4      0x20c Output/test_ble Debug/Obj/SEGGER_RTT_SES.o
                                       0x364e (size before relaxing)
 .debug_str     0x00000000000446c0       0xb2 Output/test_ble Debug/Obj/main.o
                                       0x2ddf (size before relaxing)

.comment        0x0000000000000000       0x4c
 .comment       0x0000000000000000       0x4c Output/test_ble Debug/Obj/system_nrf52810.o
                                         0x4d (size before relaxing)
 .comment       0x000000000000004c       0x4d Output/test_ble Debug/Obj/SEGGER_RTT.o
 .comment       0x000000000000004c       0x4d Output/test_ble Debug/Obj/SEGGER_RTT_SES.o
 .comment       0x000000000000004c       0x4d Output/test_ble Debug/Obj/main.o
 .comment       0x000000000000004c       0x4d C:/Program Files/SEGGER/SEGGER Embedded Studio for ARM 3.34b/lib/libc_v7em_t_le_eabi.a(libc2.o)
 .comment       0x000000000000004c       0x4d C:/Program Files/SEGGER/SEGGER Embedded Studio for ARM 3.34b/lib/libvfprintf_v7em_t_le_eabi.o

.ARM.attributes
                0x0000000000000000       0x31
 .ARM.attributes
                0x0000000000000000       0x33 Output/test_ble Debug/Obj/system_nrf52810.o
 .ARM.attributes
                0x0000000000000033       0x33 Output/test_ble Debug/Obj/SEGGER_RTT.o
 .ARM.attributes
                0x0000000000000066       0x33 Output/test_ble Debug/Obj/SEGGER_RTT_SES.o
 .ARM.attributes
                0x0000000000000099       0x33 Output/test_ble Debug/Obj/main.o
 .ARM.attributes
                0x00000000000000cc       0x21 Output/test_ble Debug/Obj/thumb_crt0.o
 .ARM.attributes
                0x00000000000000ed       0x21 Output/test_ble Debug/Obj/ses_nRF_Startup.o
 .ARM.attributes
                0x000000000000010e       0x21 Output/test_ble Debug/Obj/ses_nrf52810_Vectors.o
 .ARM.attributes
                0x000000000000012f       0x2e C:/Program Files/SEGGER/SEGGER Embedded Studio for ARM 3.34b/lib/libc_v7em_t_le_eabi.a(libc2.o)
 .ARM.attributes
                0x000000000000015d       0x1c C:/Program Files/SEGGER/SEGGER Embedded Studio for ARM 3.34b/lib/libc_v7em_t_le_eabi.a(libc2_asm.o)
 .ARM.attributes
                0x0000000000000179       0x2e C:/Program Files/SEGGER/SEGGER Embedded Studio for ARM 3.34b/lib/libvfprintf_v7em_t_le_eabi.o
